// Jest Snapshot v1, https://goo.gl/fbAQLP

exports[`SelectDropdown should render correctly 1`] = `
<div>
  <div><label for="select">test</label></div> <select id="select" class="select">
    <option>
      test-option-1
    </option>
    <option>
      test-option-2
    </option>
  </select>
</div>
`;
